// Jest Snapshot v1, https://goo.gl/fbAQLP

exports[`<NotFoundPage/> should render the 404 correctly 1`] = `
<div>
  404 - 
  <Link
    replace={false}
    to="/"
  >
    Go home
  </Link>
</div>
`;
